
> iislandlink@0.0.0 build
> tsc -b && vite build

src/components/CategoryPageLayout.tsx(115,10): error TS6133: 'isSubmitting' is declared but its value is never read.
src/components/CategoryPageLayout.tsx(235,9): error TS6133: 'formattedSubTotal' is declared but its value is never read.
src/components/Hero.tsx(10,3): error TS6133: 'Building2' is declared but its value is never read.
src/components/Hero.tsx(11,3): error TS6133: 'ShieldCheck' is declared but its value is never read.
src/components/Hero.tsx(12,3): error TS6133: 'UserCog' is declared but its value is never read.
src/pages/AdminDashboard.tsx(60,3): error TS6133: 'LineChart' is declared but its value is never read.
src/pages/AdminDashboard.tsx(61,3): error TS6133: 'Line' is declared but its value is never read.
src/pages/AdminDashboard.tsx(919,41): error TS6133: 'entry' is declared but its value is never read.
src/pages/LoginPage.tsx(8,73): error TS6133: 'UserCog' is declared but its value is never read.
src/pages/LogisticsDashboard.tsx(526,43): error TS6133: 'entry' is declared but its value is never read.
src/screen/users/Admin.tsx(1,1): error TS6133: 'React' is declared but its value is never read.
