src/components/ui/input.tsx(4,20): error TS2307: Cannot find module '@/lib/utils' or its corresponding type declarations.
src/components/ui/select.tsx(4,20): error TS2307: Cannot find module '@/lib/utils' or its corresponding type declarations.
